// Jest Snapshot v1, https://goo.gl/fbAQLP

exports[`DataListLayout checkbox tests should render correctly 1`] = `
<div>
  <ul
    __versions="[object Object]"
    aria-label="test label"
    class="pf-c-data-list pf-m-grid-md"
    dirtyfields="[object Object]"
    dirtyfieldssincelastsubmit="[object Object]"
    errors="[object Object]"
    form="[object Object]"
    formoptions="[object Object]"
    label="test label"
    modified="[object Object]"
    sections="[object Object]"
    touched="[object Object]"
    values="[object Object]"
    visited="[object Object]"
  >
    <li
      aria-labelledby="simple-item1"
      class="pf-c-data-list__item"
      id=""
    >
      <div
        class="pf-c-data-list__item-row"
      >
        <div
          class="pf-c-data-list__item-content"
        >
          <div
            class="pf-c-data-list__cell pf-m-no-fill pref-c-title pref-u-bold"
          >
            test
          </div>
          <div
            class="pf-c-data-list__cell"
          />
        </div>
      </div>
    </li>
  </ul>
</div>
`;
